[translated]
module main

type Wchar_t = int
type Ushort = u16
type F32 = f32
type Null = voidptr
type Usize = usize
type Isize = isize
type Maybe = bool
type Iptr = C.intptr_t

fn main() {
	pointers := [8]voidptr{}
	return
}
